<<<<<<< HEAD:src/components/Inputs/__snapshots__/Input.test.js.snap
// Jest Snapshot v1, https://goo.gl/fbAQLP

exports[`matches snapshot 1`] = `
<div
  className="MuiFormControl-root MuiFormControl-fullWidth MuiTextField-root makeStyles-int-7 css-1874cco-MuiFormControl-root-MuiTextField-root"
  data-testid="input-1"
  onSubmit={[Function]}
>
  <label
    className="MuiInputLabel-root MuiInputLabel-formControl MuiInputLabel-animated MuiInputLabel-standard MuiFormLabel-root MuiFormLabel-colorPrimary makeStyles-lbl-8 css-aqpgxn-MuiFormLabel-root-MuiInputLabel-root"
    data-shrink={false}
  >
    first name
  </label>
  <div
    className="MuiInput-root MuiInputBase-root MuiInputBase-colorPrimary MuiInputBase-fullWidth MuiInputBase-formControl makeStyles-lbl-8 css-1pa58rh-MuiInputBase-root-MuiInput-root"
    data-testid="nameInput"
    onClick={[Function]}
  >
    <input
      aria-invalid={false}
      autoFocus={false}
      className="MuiInput-input MuiInputBase-input css-1x51dt5-MuiInputBase-input-MuiInput-input"
      disabled={false}
      onAnimationStart={[Function]}
      onBlur={[Function]}
      onChange={[Function]}
      onFocus={[Function]}
      required={false}
      type="text"
    />
  </div>
</div>
`;
=======
// Jest Snapshot v1, https://goo.gl/fbAQLP

exports[`matches snapshot 1`] = `
<div
  className="MuiFormControl-root MuiFormControl-fullWidth MuiTextField-root makeStyles-int-7 css-1874cco-MuiFormControl-root-MuiTextField-root"
  data-testid="input-1"
>
  <label
    className="MuiInputLabel-root MuiInputLabel-formControl MuiInputLabel-animated MuiInputLabel-standard MuiFormLabel-root MuiFormLabel-colorPrimary makeStyles-lbl-8 css-aqpgxn-MuiFormLabel-root-MuiInputLabel-root"
    data-shrink={false}
  >
    first name
  </label>
  <div
    className="MuiInput-root MuiInputBase-root MuiInputBase-colorPrimary MuiInputBase-fullWidth MuiInputBase-formControl makeStyles-lbl-8 css-1pa58rh-MuiInputBase-root-MuiInput-root"
    data-testid="nameInput"
    onClick={[Function]}
  >
    <input
      aria-invalid={false}
      autoFocus={false}
      className="MuiInput-input MuiInputBase-input css-1x51dt5-MuiInputBase-input-MuiInput-input"
      disabled={false}
      onAnimationStart={[Function]}
      onBlur={[Function]}
      onChange={[Function]}
      onFocus={[Function]}
      required={false}
      type="text"
    />
  </div>
</div>
`;
>>>>>>> e10e94e4231a18dd3b786ef37a18334516304b32:src/components/Inputs/__snapshots__/InputText.test.js.snap
