// Jest Snapshot v1, https://goo.gl/fbAQLP

exports[`matches snapshot 1`] = `
<div
  className="MuiPaper-root MuiPaper-elevation MuiPaper-rounded MuiPaper-elevation1 MuiCard-root css-bhp9pd-MuiPaper-root-MuiCard-root"
  data-testid="my-pet-form"
>
  <div
    className="MuiCardContent-root css-46bh2p-MuiCardContent-root"
  >
    <h5
      className="MuiTypography-root MuiTypography-h5 makeStyles-title-12 css-rjgee4-MuiTypography-root"
    >
      <svg
        className="makeStyles-ico-13"
      >
        dog.svg
      </svg>
      kapsel
    </h5>
    <div
      className="MuiGrid-root css-vj1n65-MuiGrid-root"
    >
      <p
        className="MuiTypography-root MuiTypography-body1 makeStyles-pos-14 css-1sx1eu0-MuiTypography-root"
      >
        Type:
         
      </p>
      <p
        className="MuiTypography-root MuiTypography-body1 makeStyles-small-15 css-1goz70x-MuiTypography-root"
      >
        dog
      </p>
    </div>
    <div
      className="MuiGrid-root css-vj1n65-MuiGrid-root"
    >
      <p
        className="MuiTypography-root MuiTypography-body1 makeStyles-pos-14 css-1sx1eu0-MuiTypography-root"
      >
        Breed:
         
      </p>
      <p
        className="MuiTypography-root MuiTypography-body1 makeStyles-small-15 css-1mwruq2-MuiTypography-root"
      />
    </div>
    <div
      className="MuiGrid-root css-vj1n65-MuiGrid-root"
    >
      <p
        className="MuiTypography-root MuiTypography-body1 makeStyles-pos-14 css-1sx1eu0-MuiTypography-root"
      >
        Birth Data:
         
      </p>
      <p
        className="MuiTypography-root MuiTypography-body1 makeStyles-small-15 css-1goz70x-MuiTypography-root"
      >
        2
      </p>
    </div>
  </div>
</div>
`;
